OUT:
Buildfile: [TestData]/build.xml

build:
[kotlin2js] Compiling [[TestData]/root1] => [[Temp]/out.js]
[kotlin2js] logging: using Kotlin home directory [KotlinProjectHome]/dist/kotlinc
[kotlin2js] logging: configure scripting: Added template org.jetbrains.kotlin.mainKts.MainKtsScript from [[CompilerLib]/kotlin-main-kts.jar, [CompilerLib]/kotlin-reflect.jar, [CompilerLib]/kotlin-script-runtime.jar, [CompilerLib]/kotlin-stdlib.jar]
[kotlin2js] logging: compiling source files: [TestData]/root1/foo.kt

BUILD SUCCESSFUL
Total time: [time]

Return code: 0
