OUT:
Buildfile: [TestData]/build.xml

build:
[kotlin2js] Compiling [[TestData]/root1] => [[Temp]/out.js]
     [copy] Copying 1 file to [Temp]

BUILD SUCCESSFUL
Total time: [time]

Return code: 0
