
ERR:
ERROR: test.kt: (4, 20) Expecting an element

Return code: 1
