OUT:
Buildfile: [TestData]/build.xml

build:
    [mkdir] Created dir: [Temp]/classes
    [javac] Compiling 1 source file to [Temp]/classes
    [javac] Compiling [[[TestData]/root1]] => [[Temp]/classes]
    [javac] Running javac...
      [jar] Building jar: [Temp]/hello.jar

BUILD SUCCESSFUL
Total time: [time]

Return code: 0
