PsiJetFileStubImpl[package=]
  PACKAGE_DIRECTIVE:
  CLASS:[fqName=Test, isEnumEntry=false, isInterface=false, isLocal=false, isTopLevel=true, name=Test, superNames=[]]
    MODIFIER_LIST:[annotation]
