PsiJetFileStubImpl[package=]
  PACKAGE_DIRECTIVE:
  FUN:[fqName=foo, hasBlockBody=true, hasBody=true, hasTypeParameterListBeforeFunctionName=false, isExtension=false, isTopLevel=true, name=foo]
    MODIFIER_LIST:[]
      ANNOTATION_ENTRY:[hasValueArguments=false, shortName=Deprecated]
        CONSTRUCTOR_CALLEE:
          TYPE_REFERENCE:
            USER_TYPE:[isAbsoluteInRootPackage=false]
              REFERENCE_EXPRESSION:[referencedName=Deprecated]
    VALUE_PARAMETER_LIST:
