PsiJetFileStubImpl[package=]
  PACKAGE_DIRECTIVE:
  CLASS:[fqName=C, isEnumEntry=false, isLocal=false, isTopLevel=true, isTrait=false, name=C, superNames=[]]
    TYPE_PARAMETER_LIST:
      TYPE_PARAMETER:[fqName=null, isInVariance=false, isOutVariance=false, name=T]
    CLASS_BODY:
