PsiJetFileStubImpl[package=]
  PACKAGE_DIRECTIVE:
  PROPERTY:[fqName=foo, hasDelegate=false, hasDelegateExpression=false, hasInitializer=false, hasReceiverTypeRef=false, hasReturnTypeRef=true, isProbablyNothingType=false, isTopLevel=true, isVar=false, name=foo]
    TYPE_REFERENCE:
      DYNAMIC_TYPE:
