PsiJetFileStubImpl[package=]
  PACKAGE_DIRECTIVE:
  CLASS:[fqName=A, isEnumEntry=false, isInterface=false, isLocal=false, isTopLevel=true, name=A, superNames=[]]
  CLASS:[fqName=T, isEnumEntry=false, isInterface=true, isLocal=false, isTopLevel=true, name=T, superNames=[]]
  FUN:[fqName=foo, hasBlockBody=true, hasBody=true, hasTypeParameterListBeforeFunctionName=false, isExtension=false, isTopLevel=true, name=foo]
    VALUE_PARAMETER_LIST:
    CLASS:[fqName=null, isEnumEntry=false, isInterface=false, isLocal=true, isTopLevel=false, name=Test, superNames=[A, T]]
      DELEGATION_SPECIFIER_LIST:
        DELEGATOR_SUPER_CALL:
          CONSTRUCTOR_CALLEE:
            TYPE_REFERENCE:
              USER_TYPE:[isAbsoluteInRootPackage=false]
                REFERENCE_EXPRESSION:[referencedName=A]
        DELEGATOR_SUPER_CLASS:
          TYPE_REFERENCE:
            USER_TYPE:[isAbsoluteInRootPackage=false]
              REFERENCE_EXPRESSION:[referencedName=T]
