PsiJetFileStubImpl[package=]
  PACKAGE_DIRECTIVE:
  FUN:[fqName=f, hasBlockBody=true, hasBody=true, hasTypeParameterListBeforeFunctionName=false, isExtension=false, isTopLevel=true, name=f]
    MODIFIER_LIST:[public]
    CLASS:[fqName=null, isEnumEntry=false, isLocal=true, isTopLevel=false, isTrait=false, name=C, superNames=[]]
      CLASS_BODY:
        FUN:[fqName=null, hasBlockBody=true, hasBody=true, hasTypeParameterListBeforeFunctionName=false, isExtension=false, isTopLevel=false, name=f]
          VALUE_PARAMETER_LIST:
        PROPERTY:[fqName=null, hasDelegate=false, hasDelegateExpression=false, hasInitializer=false, hasReceiverTypeRef=false, hasReturnTypeRef=true, isTopLevel=false, isVar=false, name=c]
          TYPE_REFERENCE:
            USER_TYPE:[isAbsoluteInRootPackage=false]
              REFERENCE_EXPRESSION:[referencedName=Int]
