PsiJetFileStubImpl[package=]
  PACKAGE_DIRECTIVE:
  CLASS:[fqName=A, isEnumEntry=false, isLocal=false, isTopLevel=true, isTrait=false, name=A, superNames=[]]
  CLASS:[fqName=T, isEnumEntry=false, isLocal=false, isTopLevel=true, isTrait=true, name=T, superNames=[]]
  OBJECT_DECLARATION:[fqName=Test, isCompanion=false, isLocal=false, isObjectLiteral=false, isTopLevel=true, name=Test, superNames=[A, T]]
    DELEGATION_SPECIFIER_LIST:
      DELEGATOR_SUPER_CALL:
        CONSTRUCTOR_CALLEE:
          TYPE_REFERENCE:
            USER_TYPE:[isAbsoluteInRootPackage=false]
              REFERENCE_EXPRESSION:[referencedName=A]
      DELEGATOR_SUPER_CLASS:
        TYPE_REFERENCE:
          USER_TYPE:[isAbsoluteInRootPackage=false]
            REFERENCE_EXPRESSION:[referencedName=T]
    CLASS_BODY:
