PsiJetFileStubImpl[package=]
  FUN:PsiJetFunctionStubImpl[top fqName=some ext name=some]
    VALUE_PARAMETER_LIST:PsiJetParameterListStubImpl
