PsiJetFileStubImpl[package=]
  PACKAGE_DIRECTIVE:
  CLASS:[fqName=Test, isEnumEntry=false, isLocal=false, isTopLevel=true, isTrait=false, name=Test, superNames=[]]
    VALUE_PARAMETER_LIST:
    CLASS_BODY:
      PROPERTY:[fqName=Test.test, hasDelegate=false, hasDelegateExpression=false, hasInitializer=true, hasReceiverTypeRef=false, hasReturnTypeRef=false, isTopLevel=false, isVar=false, name=test]
      ANONYMOUS_INITIALIZER:
      FUN:[fqName=Test.more, hasBlockBody=true, hasBody=true, hasTypeParameterListBeforeFunctionName=false, isExtension=false, isTopLevel=false, name=more]
        VALUE_PARAMETER_LIST:
