PsiJetFileStubImpl[package=]
  PACKAGE_DIRECTIVE:
  PROPERTY:[fqName=a, hasDelegate=true, hasDelegateExpression=true, hasInitializer=false, hasReceiverTypeRef=false, hasReturnTypeRef=false, isTopLevel=true, isVar=false, name=a]
