PsiJetFileStubImpl[package=test.testing]
  PACKAGE_DIRECTIVE:
    DOT_QUALIFIED_EXPRESSION:
      REFERENCE_EXPRESSION:[referencedName=test]
      REFERENCE_EXPRESSION:[referencedName=testing]
  PROPERTY:[fqName=test.testing.some, hasDelegate=false, hasDelegateExpression=false, hasInitializer=true, hasReceiverTypeRef=false, hasReturnTypeRef=false, isProbablyNothingType=false, isTopLevel=true, isVar=false, name=some]
