PsiJetFileStubImpl[package=]
  PACKAGE_DIRECTIVE:
  PROPERTY:[fqName=c, hasDelegate=false, hasDelegateExpression=false, hasInitializer=true, hasReturnTypeRef=false, isExtension=false, isTopLevel=true, isVar=false, name=c]
