OUT:
interface javax.inject.Inject

Return code: 0
