OUT:
Buildfile: [TestData]/build.xml

build:
[kotlin2js] Compiling [[TestData]/root1] => [[Temp]/out.js]
    [unzip] Expanding: [TestData]/jslib-example.jar into [Temp]

BUILD SUCCESSFUL
Total time: [time]

Return code: 0
