main.kt
public class <3>Double

public fun <2>processDouble(d: Double) {}

public fun <1>processDouble(d: kotlin.Double) {}
