
ERR:
ERROR: hello.kt: (4, 5) Unresolved reference: a

Return code: 1
