OUT:
Buildfile: [TestData]/build.xml

build:
[kotlin2js] Compiling [[TestData]/root1] => [[Temp]/out.js]
[kotlin2js] info: Kotlin Compiler version [KotlinVersion]

BUILD SUCCESSFUL
Total time: [time]

Return code: 0
